[jorgehrdina.com.au/index.html]
[backblue.gif]
[fade.gif]
[index.html]
[jorgehrdina.com.au/wp-content/uploads/2022/02/logo-icon-75x.svg]
[jorgehrdina.com.au/wp-content/uploads/2022/02/favicon-64x.png]
[jorgehrdina.com.au/wp-content/uploads/2022/02/favicon-120x.png]
[jorgehrdina.com.au/feed/index.html]
[jorgehrdina.com.au/wp-content/uploads/2022/02/favicon-180x.png]
[jorgehrdina.com.au/wp-content/uploads/2022/02/favicon-152x.png]
[jorgehrdina.com.au/wp-content/uploads/2022/02/favicon-167x.png]
[jorgehrdina.com.au/comments/feed/index.html]
[jorgehrdina.com.au/wp-content/plugins/video-popup-premium/css/align-style9b4a.css]
[jorgehrdina.com.au/wp-content/plugins/video-popup/css/vp-close-icon/close-button-icon9b4a.css]
[jorgehrdina.com.au/wp-content/plugins/video-popup/css/YouTubePopUp9b4a.css]
[unpkg.com/swiper@8/swiper-bundle.min.c6a4d.delayed]
[unpkg.com/swiper@8/swiper-bundle.min.css]
[unpkg.com/swiper@8.4.5/swiper-bundle.min.css]
[cdn.jsdelivr.net/npm/uikit@3.11.1/dist/css/uikit.min6a4d.css]
[jorgehrdina.com.au/wp-content/themes/jorge-hrdina/assets/css/app6a4d.css]
[jorgehrdina.com.au/wp-content/themes/jorge-hrdina/assets/css/responsive6a4d.css]
[jorgehrdina.com.au/wp-content/uploads/fusion-styles/c9796de51a8ba4c78e3edfdedf6b8fe7.mina7a0.css]
[jorgehrdina.com.au/wp-includes/js/jquery/jquery.mina7a0.js]
[jorgehrdina.com.au/wp-content/plugins/sticky-menu-or-anything-on-scroll/assets/js/jq-sticky-anythingb52e.js]
[jorgehrdina.com.au/wp-content/plugins/video-popup-premium/js/YouTubePopUp.jquery9b4a.js]
[jorgehrdina.com.au/wp-content/plugins/video-popup-premium/js/YouTubePopUp9b4a.js]
[jorgehrdina.com.au/wp-json/wp/v2/pages/2.json]
[jorgehrdina.com.au/wp-json/index.html]
[jorgehrdina.com.au/xmlrpc0db0.php]
[jorgehrdina.com.au/wp-includes/wlwmanifest.xml]
[jorgehrdina.com.au/wp-json/oembed/1.0/embed417f.json]
[jorgehrdina.com.au/wp-json/oembed/1.0/embedd60f]
[jorgehrdina.com.au/wp-content/themes/Avada/includes/lib/assets/fonts/icomoon/awb-icons.woff]
[jorgehrdina.com.au/wp-content/themes/Avada/includes/lib/assets/fonts/fontawesome/webfonts/fa-brands-400.woff2]
[jorgehrdina.com.au/wp-content/themes/Avada/includes/lib/assets/fonts/fontawesome/webfonts/fa-regular-400.woff2]
[jorgehrdina.com.au/wp-content/themes/Avada/includes/lib/assets/fonts/fontawesome/webfonts/fa-solid-900.woff2]
[jorgehrdina.com.au/wp-content/uploads/2022/02/logo-icon-40x.svg]
[jorgehrdina.com.au/about/index.html]
[jorgehrdina.com.au/contact/index.html]
[jorgehrdina.com.au/press/index.html]
[jorgehrdina.com.au/wp-content/uploads/2022/05/loaderc98a.gif]
[jorgehrdina.com.au/projects/index.html]
[jorgehrdina.com.au/author/made-agency/index.html]
[jorgehrdina.com.au/wp-content/uploads/2022/05/Jorge-Hrdina-Intro-Loop-2022.mp4]
[jorgehrdina.com.au/wp-content/uploads/2022/05/JH-Gunnamatta-House-featured-img-01.jpg]
[jorgehrdina.com.au/project/gunnamatta/index.html]
[jorgehrdina.com.au/wp-content/uploads/2022/02/the-pavillion-featured-01-min.jpg]
[jorgehrdina.com.au/project/the-pavillion/index.html]
[jorgehrdina.com.au/wp-content/uploads/2022/05/woollahra-featured-img.jpg]
[jorgehrdina.com.au/wp-content/uploads/2022/02/delany-house-featured-01-min.jpg]
[jorgehrdina.com.au/project/woollahra/index.html]
[jorgehrdina.com.au/project/delany-house/index.html]
[jorgehrdina.com.au/wp-content/uploads/2022/02/palm-beach-featured-01-min.jpg]
[jorgehrdina.com.au/wp-content/uploads/2022/02/seaforth-featured-01-min.jpg]
[jorgehrdina.com.au/project/palm-beach/index.html]
[jorgehrdina.com.au/wp-content/uploads/2022/02/northbridge-featured-01-min.jpg]
[jorgehrdina.com.au/project/seaforth/index.html]
[jorgehrdina.com.au/wp-content/uploads/2022/02/hrdina-featured-01-min.jpg]
[jorgehrdina.com.au/project/northbridge/index.html]
[jorgehrdina.com.au/project/hrdina-house/index.html]
[jorgehrdina.com.au/wp-content/uploads/2022/02/casey-featured-01-min.jpg]
[jorgehrdina.com.au/wp-content/uploads/2022/05/parasol-house-featured-img.jpg]
[jorgehrdina.com.au/project/casey/index.html]
[jorgehrdina.com.au/project/parasol-house/index.html]
[jorgehrdina.com.au/project/haskell/index.html]
[jorgehrdina.com.au/wp-content/uploads/2022/02/haskell-featured-01-min.jpg]
[jorgehrdina.com.au/wp-content/uploads/2022/02/gibson-featured-01-min.jpg]
[jorgehrdina.com.au/wp-content/uploads/2022/02/home-about-01-min.jpg]
[jorgehrdina.com.au/wp-content/uploads/2022/02/JH-marquee.svg]
[jorgehrdina.com.au/project/gibson-house/index.html]
[jorgehrdina.com.au/wp-content/uploads/2022/02/jorge-hrdina-logo-white.svg]
[jorgehrdina.com.au/wp-includes/css/dist/block-library/style.min6a4d.css]
[jorgehrdina.com.au/wp-content/plugins/sticky-menu-or-anything-on-scroll/assets/js/stickThisb52e.js]
[unpkg.com/swiper@8/swiper-bundle.min.356a4d.delayed]
[unpkg.com/swiper@8/swiper-bundle.min.js]
[unpkg.com/swiper@8.4.5/swiper-bundle.min.js]
[cdnjs.cloudflare.com/ajax/libs/gsap/3.9.1/gsap.min6a4d.js]
[cdnjs.cloudflare.com/ajax/libs/gsap/3.9.1/ScrollTrigger.min6a4d.js]
[cdn.jsdelivr.net/npm/uikit@3.11.1/dist/js/uikit.min6a4d.js]
[jorgehrdina.com.au/wp-content/themes/jorge-hrdina/assets/js/app0556.js]
[jorgehrdina.com.au/wp-content/uploads/wpmss/wpmssab.min8d12.js]
[jorgehrdina.com.au/wp-content/plugins/mousewheel-smooth-scroll/js/SmoothScroll.min5b3c.js]
[jorgehrdina.com.au/wp-content/uploads/wpmss/wpmss.min8d12.js]
[jorgehrdina.com.au/wp-content/plugins/page-links-to/dist/new-tabe485.js]
[jorgehrdina.com.au/index.html]
[jorgehrdina.com.au/wp-content/uploads/2022/02/logo-icon-75x.svg]
[jorgehrdina.com.au/wp-includes/css/classic-themes.min68b3.css]
[jorgehrdina.com.au/wp-content/plugins/sticky-menu-or-anything-on-scroll/assets/css/stickThis0170.css]
[jorgehrdina.com.au/wp-content/plugins/video-popup-premium/css/dark-close-icon9b4a.css]
[jorgehrdina.com.au/wp-content/plugins/video-popup-premium/css/align-style9b4a.css]
[jorgehrdina.com.au/wp-content/uploads/fusion-scripts/f24201707ccf5e5040b9af0d55b125d9.mina7a0.js]
[jorgehrdina.com.au/wp-content/plugins/video-popup/css/vp-close-icon/fonts/vp-close-icon-font06c0.eot]
[jorgehrdina.com.au/wp-content/plugins/video-popup/css/vp-close-icon/fonts/vp-close-icon-font06c0.ttf]
[jorgehrdina.com.au/wp-content/plugins/video-popup/css/vp-close-icon/fonts/vp-close-icon-font06c0.woff]
[jorgehrdina.com.au/wp-content/plugins/video-popup/css/vp-close-icon/close-button-icon9b4a.css]
[jorgehrdina.com.au/wp-content/plugins/video-popup/css/YouTubePopUp9b4a.css]
[unpkg.com/swiper@8.4.5/swiper-bundle.min.css]
[cdn.jsdelivr.net/npm/uikit@3.11.1/dist/css/uikit.min6a4d.css]
[jorgehrdina.com.au/wp-content/themes/jorge-hrdina/style6a4d.css]
[jorgehrdina.com.au/wp-content/plugins/video-popup/css/vp-close-icon/fonts/vp-close-icon-font06c0.svg]
[use.typekit.net/myy1jmg.css]
[jorgehrdina.com.au/wp-content/themes/jorge-hrdina/assets/css/app6a4d.css]
[jorgehrdina.com.au/wp-content/themes/jorge-hrdina/assets/css/responsive6a4d.css]
[jorgehrdina.com.au/wp-content/uploads/2022/02/DIN2014-Light.woff2]
[jorgehrdina.com.au/wp-content/themes/jorge-hrdina/assets/images/icon-play.svg]
[jorgehrdina.com.au/wp-content/uploads/2022/02/DIN2014-Light.woff]
[jorgehrdina.com.au/wp-content/uploads/2022/02/DIN2014-Regular.woff2]
[jorgehrdina.com.au/wp-content/uploads/2022/02/DIN2014-Regular.woff]
[jorgehrdina.com.au/wp-content/themes/Avada/assets/images/patterns/pattern1.png]
[jorgehrdina.com.au/wp-content/themes/Avada/includes/lib/assets/fonts/icomoon/awb-icons.ttf]
[jorgehrdina.com.au/wp-content/themes/Avada/includes/lib/assets/fonts/icomoon/awb-icons.svg]
[jorgehrdina.com.au/wp-content/uploads/fusion-styles/c9796de51a8ba4c78e3edfdedf6b8fe7.mina7a0.css]
[jorgehrdina.com.au/wp-content/uploads/2022/02/logo-icon-40x.svg]
[jorgehrdina.com.au/wp-content/themes/Avada/includes/lib/assets/fonts/fontawesome/webfonts/fa-brands-400.eot]
[jorgehrdina.com.au/wp-content/plugins/video-popup-premium/css/align-style5f48.css]
[jorgehrdina.com.au/wp-content/plugins/video-popup/css/vp-close-icon/close-button-icon5f48.css]
[jorgehrdina.com.au/wp-content/plugins/video-popup/css/YouTubePopUp5f48.css]
[jorgehrdina.com.au/wp-content/plugins/video-popup-premium/js/YouTubePopUp.jquery5f48.js]
[jorgehrdina.com.au/wp-content/plugins/video-popup-premium/js/YouTubePopUp5f48.js]
[jorgehrdina.com.au/wp-json/wp/v2/pages/12.json]
[jorgehrdina.com.au/wp-json/oembed/1.0/embedafcf.json]
[jorgehrdina.com.au/wp-json/oembed/1.0/embedc479]
[jorgehrdina.com.au/wp-content/uploads/2022/02/lilypad-featured-01-min.jpg]
[jorgehrdina.com.au/wp-content/uploads/2022/02/queens-park-featured-01-min.jpg]
[jorgehrdina.com.au/project/lilypad/index.html]
[jorgehrdina.com.au/wp-content/uploads/2022/02/project-balmoral-featured-01-min.jpg]
[jorgehrdina.com.au/wp-content/uploads/2022/02/k2house-featured-01-min.jpg]
[jorgehrdina.com.au/project/queens-park/index.html]
[jorgehrdina.com.au/wp-content/uploads/2022/02/castlecrag-featured-img.jpg]
[jorgehrdina.com.au/project/balmoral/index.html]
[jorgehrdina.com.au/project/k2-house/index.html]
[jorgehrdina.com.au/wp-content/uploads/2022/02/vaucluse-featured-01-min.jpg]
[jorgehrdina.com.au/wp-content/uploads/2022/02/cossington-featured-01-min.jpg]
[jorgehrdina.com.au/project/vaucluse/index.html]
[jorgehrdina.com.au/project/castlecrag/index.html]
[jorgehrdina.com.au/projects/index.html]
[jorgehrdina.com.au/wp-content/uploads/fusion-scripts/d785c0837e9dafcd1381a8e547a1ff1a.mina7a0.js]
[jorgehrdina.com.au/wp-content/plugins/video-popup-premium/css/align-styleab1b.css]
[jorgehrdina.com.au/wp-content/plugins/video-popup/css/vp-close-icon/close-button-iconab1b.css]
[jorgehrdina.com.au/project/cossington/index.html]
[jorgehrdina.com.au/wp-content/plugins/video-popup/css/YouTubePopUpab1b.css]
[jorgehrdina.com.au/wp-content/plugins/video-popup-premium/js/YouTubePopUp.jqueryab1b.js]
[jorgehrdina.com.au/wp-content/plugins/video-popup-premium/js/YouTubePopUpab1b.js]
[jorgehrdina.com.au/wp-json/wp/v2/pages/13.json]
[jorgehrdina.com.au/wp-json/oembed/1.0/embed1e46.json]
[jorgehrdina.com.au/wp-json/oembed/1.0/embedae61]
[jorgehrdina.com.au/wp-content/uploads/2022/05/JH-press-featured-08-1.jpg]
[jorgehrdina.com.au/wp-content/uploads/2022/05/JH-press-featured-07.jpg]
[jorgehrdina.com.au/wp-content/uploads/2022/05/JH-press-featured-06.jpg]
[jorgehrdina.com.au/wp-content/uploads/2022/05/JH-press-featured-05.jpg]
[jorgehrdina.com.au/wp-content/uploads/2022/05/Local-Project-3.pdf]
[jorgehrdina.com.au/wp-content/uploads/2022/05/Local-Project-min-1.jpg]
[jorgehrdina.com.au/wp-content/uploads/2022/05/JH-press-featured-11.jpg]
[jorgehrdina.com.au/wp-content/uploads/2022/05/JH-press-featured-09.jpg]
[jorgehrdina.com.au/wp-content/uploads/2022/05/JH-press-featured-12.jpg]
[jorgehrdina.com.au/wp-content/uploads/2022/05/Belle-Magazine-2020-2.pdf]
[jorgehrdina.com.au/wp-content/uploads/2022/05/Belle-Magazine-2020-min.jpg]
[jorgehrdina.com.au/wp-content/uploads/2022/05/House-and-Garden.pdf]
[jorgehrdina.com.au/wp-content/uploads/2022/05/House-and-Garden-min.jpg]
[jorgehrdina.com.au/wp-content/uploads/2022/02/JH-press-featured-03-min.jpg]
[jorgehrdina.com.au/wp-content/uploads/2022/05/Wish-Magazine.pdf]
[jorgehrdina.com.au/wp-content/uploads/2022/05/Wish-Magazine.jpg]
[jorgehrdina.com.au/wp-content/uploads/2022/05/JH-press-featured-10.jpg]
[jorgehrdina.com.au/wp-content/uploads/2022/05/Inside-Out-Magazine.pdf]
[jorgehrdina.com.au/wp-content/uploads/2022/05/Inside-Out-Nov-min.jpg]
[jorgehrdina.com.au/wp-content/uploads/2022/05/El-Maecurio.pdf]
[jorgehrdina.com.au/wp-content/uploads/2022/05/El-Maercurio-min.jpg]
[jorgehrdina.com.au/wp-content/uploads/2022/05/Belle-Magazine-2009.pdf]
[jorgehrdina.com.au/wp-content/uploads/2022/05/Belle-Magazine-2009-min.jpg]
[jorgehrdina.com.au/wp-content/uploads/2022/05/Elle-UK-Edition.pdf]
[jorgehrdina.com.au/wp-content/uploads/2022/05/Elle-UK-min.jpg]
[jorgehrdina.com.au/wp-content/uploads/2022/05/100-amazing-sydney-homes.pdf]
[jorgehrdina.com.au/wp-content/uploads/2022/05/100-Amazing-Sydney-Homes-min.jpg]
[jorgehrdina.com.au/wp-content/uploads/2022/05/Excellence-in-housing-magazine.pdf]
[jorgehrdina.com.au/wp-content/uploads/2022/05/Excellence-in-Housing-Magazine-min.jpg]
[jorgehrdina.com.au/wp-content/uploads/2022/05/house-magazin-2.pdf]
[jorgehrdina.com.au/wp-content/uploads/2022/05/Houses-Magzine-min.jpg]
[jorgehrdina.com.au/wp-content/uploads/2022/05/vogue-living.pdf]
[jorgehrdina.com.au/wp-content/uploads/2022/05/Vogue-Living.jpg]
[jorgehrdina.com.au/wp-content/uploads/fusion-scripts/d4f7adfb5138640006f03d01a116ccf0.mina7a0.js]
[jorgehrdina.com.au/press/index.html]
[jorgehrdina.com.au/wp-content/plugins/video-popup-premium/css/align-stylea0f3.css]
[jorgehrdina.com.au/wp-content/plugins/video-popup/css/vp-close-icon/close-button-icona0f3.css]
[jorgehrdina.com.au/wp-content/plugins/video-popup/css/YouTubePopUpa0f3.css]
[jorgehrdina.com.au/wp-content/uploads/fusion-styles/94899ad243a5ca8594dd4594e0fb7238.mina7a0.css]
[jorgehrdina.com.au/wp-content/plugins/video-popup-premium/js/YouTubePopUp.jquerya0f3.js]
[jorgehrdina.com.au/wp-content/plugins/video-popup-premium/js/YouTubePopUpa0f3.js]
[jorgehrdina.com.au/wp-json/wp/v2/pages/11.json]
[jorgehrdina.com.au/wp-json/oembed/1.0/embedbfeb.json]
[jorgehrdina.com.au/wp-json/oembed/1.0/embed3347]
[jorgehrdina.com.au/wp-content/uploads/2022/02/person-jorge-hrdina-min.jpg]
[jorgehrdina.com.au/wp-content/uploads/2022/02/oriana-img-min.jpg]
[jorgehrdina.com.au/wp-content/uploads/2022/02/sofia-liguori-min.jpg]
[jorgehrdina.com.au/wp-content/uploads/2022/02/natasha-hrdina-min.jpg]
[jorgehrdina.com.au/wp-content/uploads/2022/02/chloe-andrews-min.jpg]
[jorgehrdina.com.au/wp-content/uploads/2022/05/Vincent-Hrdina-img.jpg]
[jorgehrdina.com.au/about/index.html]
[jorgehrdina.com.au/wp-content/plugins/video-popup-premium/css/align-stylefca4.css]
[jorgehrdina.com.au/wp-content/plugins/video-popup/css/vp-close-icon/close-button-iconfca4.css]
[jorgehrdina.com.au/wp-content/plugins/video-popup/css/YouTubePopUpfca4.css]
[jorgehrdina.com.au/wp-content/plugins/gravityforms/assets/css/dist/basic.mina19e.css]
[jorgehrdina.com.au/wp-content/plugins/gravityforms/assets/css/dist/theme-ie11.mina19e.css]
[jorgehrdina.com.au/wp-content/plugins/gravityforms/assets/css/dist/theme.mina19e.css]
[jorgehrdina.com.au/wp-content/plugins/gravityforms/includes/addon/css/gaddon_settings.mina19e.css]
[jorgehrdina.com.au/wp-content/plugins/video-popup-premium/js/YouTubePopUp.jqueryfca4.js]
[jorgehrdina.com.au/wp-content/plugins/video-popup-premium/js/YouTubePopUpfca4.js]
[jorgehrdina.com.au/wp-content/plugins/gravityforms/js/jquery.json.mina19e.js]
[jorgehrdina.com.au/wp-content/plugins/gravityforms/js/gravityforms.mina19e.js]
[www.google.com/recaptcha/apieee6.js]
[jorgehrdina.com.au/wp-json/wp/v2/pages/14.json]
[jorgehrdina.com.au/wp-json/oembed/1.0/embedbce1.json]
[jorgehrdina.com.au/wp-json/oembed/1.0/embed4384]
[jorgehrdina.com.au/wp-content/plugins/gravityforms/images/spinner.svg]
[jorgehrdina.com.au/wp-content/uploads/2022/02/contact-img-01-min.jpg]
[jorgehrdina.com.au/wp-includes/js/dist/vendor/regenerator-runtime.min3937.js]
[jorgehrdina.com.au/wp-includes/js/dist/vendor/wp-polyfill.min2c7c.js]
[jorgehrdina.com.au/wp-includes/js/dist/dom-ready.minded6.js]
[jorgehrdina.com.au/wp-includes/js/dist/hooks.min6c65.js]
[jorgehrdina.com.au/wp-includes/js/dist/i18n.mine57b.js]
[jorgehrdina.com.au/wp-includes/js/dist/a11y.min65c7.js]
[jorgehrdina.com.au/wp-content/plugins/gravityforms/js/placeholders.jquery.mina19e.js]
[jorgehrdina.com.au/contact/index.html]
[jorgehrdina.com.au/wp-content/uploads/fusion-scripts/41e1cc2b24244da27934dec93065b218.mina7a0.js]
[jorgehrdina.com.au/author/made-agency/page/2/index.html]
[jorgehrdina.com.au/author/made-agency/feed/index.html]
[jorgehrdina.com.au/wp-content/plugins/video-popup-premium/css/align-style8d9b.css]
[jorgehrdina.com.au/wp-content/plugins/video-popup/css/vp-close-icon/close-button-icon8d9b.css]
[jorgehrdina.com.au/wp-content/plugins/video-popup/css/YouTubePopUp8d9b.css]
[jorgehrdina.com.au/wp-content/plugins/video-popup-premium/js/YouTubePopUp.jquery8d9b.js]
[jorgehrdina.com.au/wp-content/uploads/fusion-styles/0ec663f0f6f1d0513d046e88f18cbc7a.mina7a0.css]
[jorgehrdina.com.au/wp-content/plugins/video-popup-premium/js/YouTubePopUp8d9b.js]
[jorgehrdina.com.au/author/made-agency/index.html]
[jorgehrdina.com.au/category/new-living/index.html]
[jorgehrdina.com.au/category/press/index.html]
[jorgehrdina.com.au/wp-content/uploads/fusion-scripts/bfa80b353198d4187fa133a43d1f0e98.mina7a0.js]
[jorgehrdina.com.au/wp-content/plugins/video-popup-premium/css/align-style29fe.css]
[jorgehrdina.com.au/project/gunnamatta/feed/index.html]
[jorgehrdina.com.au/wp-content/plugins/video-popup/css/vp-close-icon/close-button-icon29fe.css]
[jorgehrdina.com.au/wp-content/plugins/video-popup/css/YouTubePopUp29fe.css]
[jorgehrdina.com.au/wp-content/plugins/video-popup-premium/js/YouTubePopUp.jquery29fe.js]
[jorgehrdina.com.au/wp-content/plugins/video-popup-premium/js/YouTubePopUp29fe.js]
[jorgehrdina.com.au/wp-json/wp/v2/avada_portfolio/508.json]
[jorgehrdina.com.au/wp-json/oembed/1.0/embed1a86.json]
[jorgehrdina.com.au/wp-json/oembed/1.0/embedccb1]
[jorgehrdina.com.au/wp-content/uploads/2022/05/gunnamatta-slider-img-5.jpg]
[jorgehrdina.com.au/wp-content/uploads/2022/05/gunnamatta-slider-img-9.jpg]
[jorgehrdina.com.au/wp-content/uploads/2022/05/gunnamatta-slider-img-12.jpg]
[jorgehrdina.com.au/wp-content/uploads/2022/05/gunnamatta-slider-img-15.jpg]
[jorgehrdina.com.au/wp-content/uploads/2022/05/gunnamatta-slider-1.webp]
[jorgehrdina.com.au/wp-content/uploads/2022/05/gunnamatta-slider-2.webp]
[jorgehrdina.com.au/wp-content/uploads/2022/05/gunnamatta-slider-img-13.jpg]
[jorgehrdina.com.au/wp-content/uploads/2022/05/gunnamatta-slider-img-1.jpg]
[jorgehrdina.com.au/wp-content/uploads/2022/05/gunnamatta-slider-img-4.jpg]
[jorgehrdina.com.au/wp-content/uploads/2022/05/gunnamatta-slider-img-8.jpg]
[jorgehrdina.com.au/wp-content/uploads/2022/05/gunnamatta-slider-img-10.jpg]
[jorgehrdina.com.au/wp-content/uploads/2022/05/gunnamatta-slider-img-14.jpg]
[jorgehrdina.com.au/wp-content/uploads/2022/05/gunnamatta-slider-img-3.jpg]
[jorgehrdina.com.au/wp-content/uploads/2022/05/gunnamatta-slider-img-6.jpg]
[jorgehrdina.com.au/wp-content/uploads/2022/05/gunnamatta-slider-img-7.jpg]
[jorgehrdina.com.au/wp-content/uploads/2022/05/parasol-house-featured-img-500x383.jpg]
[jorgehrdina.com.au/wp-content/uploads/2022/05/woollahra-featured-img-500x383.jpg]
[jorgehrdina.com.au/wp-includes/js/comment-reply.min6a4d.js]
[jorgehrdina.com.au/project/gunnamatta/index.html]
[jorgehrdina.com.au/wp-content/uploads/fusion-scripts/51f834ac6cc2d435e29a50594e5841e4.mina7a0.js]
[jorgehrdina.com.au/wp-content/plugins/video-popup-premium/css/align-styleeb52.css]
[jorgehrdina.com.au/project/the-pavillion/feed/index.html]
[jorgehrdina.com.au/wp-content/plugins/video-popup/css/vp-close-icon/close-button-iconeb52.css]
[jorgehrdina.com.au/wp-content/plugins/video-popup/css/YouTubePopUpeb52.css]
[jorgehrdina.com.au/wp-content/plugins/video-popup-premium/js/YouTubePopUp.jqueryeb52.js]
[jorgehrdina.com.au/wp-content/plugins/video-popup-premium/js/YouTubePopUpeb52.js]
[jorgehrdina.com.au/wp-json/wp/v2/avada_portfolio/80.json]
[jorgehrdina.com.au/wp-json/oembed/1.0/embed6cc7.json]
[jorgehrdina.com.au/wp-json/oembed/1.0/embed8d29]
[jorgehrdina.com.au/wp-content/uploads/2022/02/pavillion-slider-img-10.jpg]
[jorgehrdina.com.au/wp-content/uploads/2022/02/pavillion-slider-img.jpg]
[jorgehrdina.com.au/wp-content/uploads/2022/02/pavillion-slider-img-3.jpg]
[jorgehrdina.com.au/wp-content/uploads/2022/02/pavillion-slider-img-8.jpg]
[jorgehrdina.com.au/wp-content/uploads/2022/02/pavillion-slider-img-4.jpg]
[jorgehrdina.com.au/wp-content/uploads/2022/02/pavillion-slider-img-9.jpg]
[jorgehrdina.com.au/wp-content/uploads/2022/02/pavillion-slider-img-6.jpg]
[jorgehrdina.com.au/wp-content/uploads/2022/02/pavillion-slider-img-7.jpg]
[jorgehrdina.com.au/wp-content/uploads/2022/02/pavillion-slider-img-1.jpg]
[jorgehrdina.com.au/wp-content/uploads/2022/02/pavillion-slider-img-11.jpg]
[jorgehrdina.com.au/project/the-pavillion/index.html]
[jorgehrdina.com.au/wp-content/plugins/video-popup-premium/css/align-style2785.css]
[jorgehrdina.com.au/project/woollahra/feed/index.html]
[jorgehrdina.com.au/wp-content/plugins/video-popup/css/vp-close-icon/close-button-icon2785.css]
[jorgehrdina.com.au/wp-content/plugins/video-popup/css/YouTubePopUp2785.css]
[jorgehrdina.com.au/wp-content/plugins/video-popup-premium/js/YouTubePopUp.jquery2785.js]
[jorgehrdina.com.au/wp-content/plugins/video-popup-premium/js/YouTubePopUp2785.js]
[jorgehrdina.com.au/wp-json/wp/v2/avada_portfolio/748.json]
[jorgehrdina.com.au/wp-json/oembed/1.0/embede4d2.json]
[jorgehrdina.com.au/wp-json/oembed/1.0/embed5cdf]
[jorgehrdina.com.au/wp-content/uploads/2022/05/Woollahra-img-1.jpg]
[jorgehrdina.com.au/wp-content/uploads/2022/05/woollahra-slider-img-12.jpg]
[jorgehrdina.com.au/wp-content/uploads/2022/05/Woollahra-img-2.jpg]
[jorgehrdina.com.au/wp-content/uploads/2022/05/woollahra-slider-img-4.jpg]
[jorgehrdina.com.au/wp-content/uploads/2022/05/woollahra-slider-img-14.jpg]
[jorgehrdina.com.au/wp-content/uploads/2022/05/woollahra-slider-img-8.jpg]
[jorgehrdina.com.au/wp-content/uploads/2022/05/woollahra-slider-img-9.jpg]
[jorgehrdina.com.au/wp-content/uploads/2022/05/woollahra-slider-img-3.jpg]
[jorgehrdina.com.au/wp-content/uploads/2022/05/woollahra-slider-img-6.jpg]
[jorgehrdina.com.au/wp-content/uploads/2022/05/woollahra-slider-img-7.jpg]
[jorgehrdina.com.au/wp-content/uploads/2022/05/woollahra-slider-img-5.jpg]
[jorgehrdina.com.au/wp-content/uploads/2022/05/woollahra-slider-img-2.jpg]
[jorgehrdina.com.au/wp-content/uploads/2022/05/JH-Gunnamatta-House-featured-img-01-500x383.jpg]
[jorgehrdina.com.au/project/woollahra/index.html]
[jorgehrdina.com.au/project/delany-house/feed/index.html]
[jorgehrdina.com.au/wp-content/plugins/video-popup-premium/css/align-stylee17d.css]
[jorgehrdina.com.au/wp-content/plugins/video-popup/css/vp-close-icon/close-button-icone17d.css]
[jorgehrdina.com.au/wp-content/plugins/video-popup/css/YouTubePopUpe17d.css]
[jorgehrdina.com.au/wp-content/plugins/video-popup-premium/js/YouTubePopUp.jquerye17d.js]
[jorgehrdina.com.au/wp-content/plugins/video-popup-premium/js/YouTubePopUpe17d.js]
[jorgehrdina.com.au/wp-json/wp/v2/avada_portfolio/87.json]
[jorgehrdina.com.au/wp-json/oembed/1.0/embedaeb7.json]
[jorgehrdina.com.au/wp-json/oembed/1.0/embed45e5]
[jorgehrdina.com.au/wp-content/uploads/2022/02/delany-slider-img-4.webp]
[jorgehrdina.com.au/wp-content/uploads/2022/02/delany-slider-img-9.webp]
[jorgehrdina.com.au/wp-content/uploads/2022/02/delany-slider-img-2-1.jpg]
[jorgehrdina.com.au/wp-content/uploads/2022/02/delany-slider-img-3-1.jpg]
[jorgehrdina.com.au/wp-content/uploads/2022/02/delany-slider-img-3.webp]
[jorgehrdina.com.au/wp-content/uploads/2022/02/delany-slider-img-1-1.jpg]
[jorgehrdina.com.au/wp-content/uploads/2022/02/delany-slider-img-8-1.webp]
[jorgehrdina.com.au/wp-content/uploads/2022/02/delany-slider-img-2.webp]
[jorgehrdina.com.au/wp-content/uploads/2022/02/delany-slider-img-5-1.jpg]
[jorgehrdina.com.au/wp-content/uploads/2022/02/delany-slider-img-5.webp]
[jorgehrdina.com.au/wp-content/uploads/2022/02/delany-slider-img-7.webp]
[jorgehrdina.com.au/wp-content/uploads/2022/02/delany-slider-img-20-1.jpg]
[jorgehrdina.com.au/wp-content/uploads/2022/02/delany-slider-img-6.webp]
[jorgehrdina.com.au/wp-content/uploads/2022/02/delany-slider-img-1.webp]
[jorgehrdina.com.au/wp-content/uploads/2022/02/delany-slider-img-7-1.jpg]
[jorgehrdina.com.au/project/delany-house/index.html]
[jorgehrdina.com.au/wp-content/plugins/video-popup-premium/css/align-style86c5.css]
[jorgehrdina.com.au/project/palm-beach/feed/index.html]
[jorgehrdina.com.au/wp-content/plugins/video-popup/css/vp-close-icon/close-button-icon86c5.css]
[jorgehrdina.com.au/wp-content/plugins/video-popup/css/YouTubePopUp86c5.css]
[jorgehrdina.com.au/wp-content/plugins/video-popup-premium/js/YouTubePopUp.jquery86c5.js]
[jorgehrdina.com.au/wp-content/plugins/video-popup-premium/js/YouTubePopUp86c5.js]
[jorgehrdina.com.au/wp-json/wp/v2/avada_portfolio/82.json]
[jorgehrdina.com.au/wp-json/oembed/1.0/embedd077.json]
[jorgehrdina.com.au/wp-json/oembed/1.0/embedb4a1]
[jorgehrdina.com.au/wp-content/uploads/2022/02/palm-beach-3.webp]
[jorgehrdina.com.au/wp-content/uploads/2022/02/palm-beach-5.webp]
[jorgehrdina.com.au/wp-content/uploads/2022/02/palm-beach-1.webp]
[jorgehrdina.com.au/wp-content/uploads/2022/02/palm-beach-slider-img-1-7.jpg]
[jorgehrdina.com.au/wp-content/uploads/2022/02/palm-beach-slider-img-1-8.jpg]
[jorgehrdina.com.au/wp-content/uploads/2022/02/palm-beach-4.webp]
[jorgehrdina.com.au/wp-content/uploads/2022/02/palm-beach-slider-img-1-6.jpg]
[jorgehrdina.com.au/wp-content/uploads/2022/02/palm-beach-slider-img-1-4.jpg]
[jorgehrdina.com.au/wp-content/uploads/2022/02/palm-beach-slider-img-1-5.jpg]
[jorgehrdina.com.au/wp-content/uploads/2022/02/palm-beach-6.webp]
[jorgehrdina.com.au/wp-content/uploads/2022/02/palm-beach-slider-img-1-1.jpg]
[jorgehrdina.com.au/project/palm-beach/index.html]
[jorgehrdina.com.au/wp-content/plugins/video-popup-premium/css/align-style587d.css]
[jorgehrdina.com.au/project/seaforth/feed/index.html]
[jorgehrdina.com.au/wp-content/plugins/video-popup/css/vp-close-icon/close-button-icon587d.css]
[jorgehrdina.com.au/wp-content/plugins/video-popup/css/YouTubePopUp587d.css]
[jorgehrdina.com.au/wp-content/plugins/video-popup-premium/js/YouTubePopUp.jquery587d.js]
[jorgehrdina.com.au/wp-content/plugins/video-popup-premium/js/YouTubePopUp587d.js]
[jorgehrdina.com.au/wp-json/wp/v2/avada_portfolio/77.json]
[jorgehrdina.com.au/wp-json/oembed/1.0/embedf584.json]
[jorgehrdina.com.au/wp-json/oembed/1.0/embed059d]
[jorgehrdina.com.au/wp-content/uploads/2022/02/seaforth-slider-img-8.jpg]
[jorgehrdina.com.au/wp-content/uploads/2022/02/seaforth-slider-img-11.jpg]
[jorgehrdina.com.au/wp-content/uploads/2022/02/seaforth-slider-img-9.jpg]
[jorgehrdina.com.au/wp-content/uploads/2022/02/Seaforth-2.jpg]
[jorgehrdina.com.au/wp-content/uploads/2022/02/seaforth-slider-img-7.jpg]
[jorgehrdina.com.au/wp-content/uploads/2022/02/seaforth-slider-img-10.jpg]
[jorgehrdina.com.au/wp-content/uploads/2022/02/seaforth-slider-img-6.jpg]
[jorgehrdina.com.au/wp-content/uploads/2022/02/seaforth-slider-img-2.jpg]
[jorgehrdina.com.au/wp-content/uploads/2022/02/seaforth-slider-img-1.jpg]
[jorgehrdina.com.au/wp-content/uploads/2022/02/seaforth-slider-img-5.jpg]
[jorgehrdina.com.au/project/seaforth/index.html]
[jorgehrdina.com.au/project/northbridge/feed/index.html]
[jorgehrdina.com.au/wp-content/plugins/video-popup-premium/css/align-style3781.css]
[jorgehrdina.com.au/wp-content/plugins/video-popup/css/vp-close-icon/close-button-icon3781.css]
[jorgehrdina.com.au/wp-content/plugins/video-popup/css/YouTubePopUp3781.css]
[jorgehrdina.com.au/wp-content/plugins/video-popup-premium/js/YouTubePopUp.jquery3781.js]
[jorgehrdina.com.au/wp-content/plugins/video-popup-premium/js/YouTubePopUp3781.js]
[jorgehrdina.com.au/wp-json/wp/v2/avada_portfolio/83.json]
[jorgehrdina.com.au/wp-json/oembed/1.0/embeda6e6.json]
[jorgehrdina.com.au/wp-json/oembed/1.0/embed1db1]
[jorgehrdina.com.au/wp-content/uploads/2022/02/northbridge-slider-img-1.jpg]
[jorgehrdina.com.au/wp-content/uploads/2022/02/northbridge-slider-img-3.jpg]
[jorgehrdina.com.au/wp-content/uploads/2022/02/northbridge-slider-img-5.jpg]
[jorgehrdina.com.au/wp-content/uploads/2022/02/northbridge-slider-img-2-1.webp]
[jorgehrdina.com.au/wp-content/uploads/2022/02/northbridge-slider-img-3.webp]
[jorgehrdina.com.au/wp-content/uploads/2022/02/northbridge-slider-img-4.webp]
[jorgehrdina.com.au/wp-content/uploads/2022/02/northbridge-slider-img-6.webp]
[jorgehrdina.com.au/wp-content/uploads/2022/02/northbridge-slider-img-1.webp]
[jorgehrdina.com.au/wp-content/uploads/2022/02/northbridge-slider-img-5.webp]
[jorgehrdina.com.au/project/northbridge/index.html]
[jorgehrdina.com.au/wp-content/plugins/video-popup-premium/css/align-style24b5.css]
[jorgehrdina.com.au/wp-content/plugins/video-popup/css/vp-close-icon/close-button-icon24b5.css]
[jorgehrdina.com.au/wp-content/plugins/video-popup/css/YouTubePopUp24b5.css]
[jorgehrdina.com.au/wp-content/plugins/video-popup-premium/js/YouTubePopUp.jquery24b5.js]
[jorgehrdina.com.au/wp-content/plugins/video-popup-premium/js/YouTubePopUp24b5.js]
[jorgehrdina.com.au/wp-json/wp/v2/avada_portfolio/74.json]
[jorgehrdina.com.au/wp-json/oembed/1.0/embed3acf.json]
[jorgehrdina.com.au/wp-json/oembed/1.0/embed6fa5]
[jorgehrdina.com.au/wp-content/uploads/2022/02/hrdina-slider-img-1.jpg]
[jorgehrdina.com.au/wp-content/uploads/2022/02/hrdina-slider-img-2.webp]
[jorgehrdina.com.au/wp-content/uploads/2022/02/hrdina-slider-img-11.jpg]
[jorgehrdina.com.au/wp-content/uploads/2022/02/hrdina-slider-img-3.webp]
[jorgehrdina.com.au/wp-content/uploads/2022/02/hrdina-slider-img-8.jpg]
[jorgehrdina.com.au/wp-content/uploads/2022/02/hrdina-slider-img-2-1.webp]
[jorgehrdina.com.au/wp-content/uploads/2022/02/hrdina-slider-img-7.jpg]
[jorgehrdina.com.au/wp-content/uploads/2022/02/hrdina-slider-img-1-1.webp]
[jorgehrdina.com.au/wp-content/uploads/2022/02/hrdina-slider-img-9.jpg]
[jorgehrdina.com.au/wp-content/uploads/2022/02/hrdina-slider-img-10.jpg]
[jorgehrdina.com.au/project/hrdina-house/index.html]
[jorgehrdina.com.au/wp-content/uploads/fusion-scripts/90ea9a1e5dfc87ab0907cc70eae329bf.mina7a0.js]
[jorgehrdina.com.au/wp-content/plugins/video-popup-premium/css/align-style7367.css]
[jorgehrdina.com.au/project/casey/feed/index.html]
[jorgehrdina.com.au/wp-content/plugins/video-popup/css/vp-close-icon/close-button-icon7367.css]
[jorgehrdina.com.au/wp-content/plugins/video-popup/css/YouTubePopUp7367.css]
[jorgehrdina.com.au/wp-content/plugins/video-popup-premium/js/YouTubePopUp.jquery7367.js]
[jorgehrdina.com.au/wp-content/plugins/video-popup-premium/js/YouTubePopUp7367.js]
[jorgehrdina.com.au/wp-json/wp/v2/avada_portfolio/90.json]
[jorgehrdina.com.au/wp-json/oembed/1.0/embed8fe3.json]
[jorgehrdina.com.au/wp-json/oembed/1.0/embed7a0f]
[jorgehrdina.com.au/wp-content/uploads/2022/02/casey-house-slider-1.webp]
[jorgehrdina.com.au/wp-content/uploads/2022/02/casey-house-slider-img-5.jpg]
[jorgehrdina.com.au/wp-content/uploads/2022/02/casey-house-slider-img-6.jpg]
[jorgehrdina.com.au/wp-content/uploads/2022/02/casey-house-slider-img-2.jpg]
[jorgehrdina.com.au/wp-content/uploads/2022/02/casey-house-slider-img-1.jpg]
[jorgehrdina.com.au/wp-content/uploads/2022/02/casey-house-slider-2.webp]
[jorgehrdina.com.au/wp-content/uploads/2022/02/casey-house-slider-img-4.jpg]
[jorgehrdina.com.au/wp-content/uploads/2022/02/casey-house-slider-img-3.jpg]
[jorgehrdina.com.au/project/casey/index.html]
[jorgehrdina.com.au/wp-content/plugins/video-popup-premium/css/align-style33b3.css]
[jorgehrdina.com.au/project/parasol-house/feed/index.html]
[jorgehrdina.com.au/wp-content/plugins/video-popup/css/vp-close-icon/close-button-icon33b3.css]
[jorgehrdina.com.au/wp-content/plugins/video-popup/css/YouTubePopUp33b3.css]
[jorgehrdina.com.au/wp-content/plugins/video-popup-premium/js/YouTubePopUp.jquery33b3.js]
[jorgehrdina.com.au/wp-content/plugins/video-popup-premium/js/YouTubePopUp33b3.js]
[jorgehrdina.com.au/wp-json/wp/v2/avada_portfolio/760.json]
[jorgehrdina.com.au/wp-json/oembed/1.0/embed393b.json]
[jorgehrdina.com.au/wp-json/oembed/1.0/embedeef9]
[jorgehrdina.com.au/wp-content/uploads/2022/05/parasol-house.webp]
[jorgehrdina.com.au/wp-content/uploads/2022/05/parasol-house-2.webp]
[jorgehrdina.com.au/wp-content/uploads/2022/05/parasol-house-slider-img-3.jpg]
[jorgehrdina.com.au/wp-content/uploads/2022/05/parasol-house-slider-img-5.jpg]
[jorgehrdina.com.au/wp-content/uploads/2022/05/parasol-house-slider-img-4.jpg]
[jorgehrdina.com.au/wp-content/uploads/2022/05/parasol-house-slider-img-1.jpg]
[jorgehrdina.com.au/wp-content/uploads/2022/05/parasol-house-slider-img-2.jpg]
[jorgehrdina.com.au/project/parasol-house/index.html]
[jorgehrdina.com.au/wp-content/plugins/video-popup-premium/css/align-styleaa60.css]
[jorgehrdina.com.au/project/haskell/feed/index.html]
[jorgehrdina.com.au/wp-content/plugins/video-popup/css/vp-close-icon/close-button-iconaa60.css]
[jorgehrdina.com.au/wp-content/plugins/video-popup/css/YouTubePopUpaa60.css]
[jorgehrdina.com.au/wp-content/plugins/video-popup-premium/js/YouTubePopUp.jqueryaa60.js]
[jorgehrdina.com.au/wp-content/plugins/video-popup-premium/js/YouTubePopUpaa60.js]
[jorgehrdina.com.au/wp-json/wp/v2/avada_portfolio/85.json]
[jorgehrdina.com.au/wp-json/oembed/1.0/embeda8d7.json]
[jorgehrdina.com.au/wp-json/oembed/1.0/embedc6a9]
[jorgehrdina.com.au/wp-content/uploads/2022/02/haskell-slider-img-1-1.webp]
[jorgehrdina.com.au/wp-content/uploads/2022/02/haskell-slider-img-5.webp]
[jorgehrdina.com.au/wp-content/uploads/2022/02/haskell-slider-img-5.jpg]
[jorgehrdina.com.au/wp-content/uploads/2022/02/haskell-slider-img-2-1.webp]
[jorgehrdina.com.au/wp-content/uploads/2022/02/haskell-slider-img-4.webp]
[jorgehrdina.com.au/wp-content/uploads/2022/02/haskell-slider-img-1.webp]
[jorgehrdina.com.au/wp-content/uploads/2022/02/haskell-slider-img-2.webp]
[jorgehrdina.com.au/wp-content/uploads/2022/02/haskell-slider-img-4.jpg]
[jorgehrdina.com.au/wp-content/uploads/2022/02/haskell-slider-img-6.jpg]
[jorgehrdina.com.au/project/haskell/index.html]
[jorgehrdina.com.au/wp-content/plugins/video-popup-premium/css/align-style8d58.css]
[jorgehrdina.com.au/project/gibson-house/feed/index.html]
[jorgehrdina.com.au/wp-content/plugins/video-popup/css/vp-close-icon/close-button-icon8d58.css]
[jorgehrdina.com.au/wp-content/plugins/video-popup/css/YouTubePopUp8d58.css]
[jorgehrdina.com.au/wp-content/plugins/video-popup-premium/js/YouTubePopUp.jquery8d58.js]
[jorgehrdina.com.au/wp-content/plugins/video-popup-premium/js/YouTubePopUp8d58.js]
[jorgehrdina.com.au/wp-json/wp/v2/avada_portfolio/86.json]
[jorgehrdina.com.au/wp-json/oembed/1.0/embed1a7c.json]
[jorgehrdina.com.au/wp-json/oembed/1.0/embedf588]
[jorgehrdina.com.au/wp-content/uploads/2022/02/gibson-slider-img-5.jpg]
[jorgehrdina.com.au/wp-content/uploads/2022/02/gibson-slider-img-1.jpg]
[jorgehrdina.com.au/wp-content/uploads/2022/02/gibson-slider-img-4.jpg]
[jorgehrdina.com.au/wp-content/uploads/2022/02/gibson-slider-img-3.jpg]
[jorgehrdina.com.au/wp-content/uploads/2022/02/gibson-slider-img-2.webp]
[jorgehrdina.com.au/wp-content/uploads/2022/02/gibson-slider-img-1-1.webp]
[jorgehrdina.com.au/wp-content/uploads/2022/02/gibson-slider-img-4.webp]
[jorgehrdina.com.au/wp-content/uploads/2022/02/gibson-slider-img-5.webp]
[jorgehrdina.com.au/wp-content/uploads/2022/02/gibson-slider-img-2-1.webp]
[jorgehrdina.com.au/wp-content/uploads/2022/02/gibson-slider-img-3.webp]
[jorgehrdina.com.au/project/gibson-house/index.html]
[jorgehrdina.com.au/wp-content/uploads/2022/02/JH-marquee.svg]
[jorgehrdina.com.au/wp-content/uploads/2022/02/jorge-hrdina-logo-white.svg]
[jorgehrdina.com.au/wp-includes/css/dist/block-library/style.min6a4d.css]
[jorgehrdina.com.au/wp-content/plugins/video-popup/css/vp-close-icon/fonts/vp-close-icon-font06c0.svg]
[use.typekit.net/af/35b7e6/00000000000000007735afe4/30/l3eab]
[use.typekit.net/af/35b7e6/00000000000000007735afe4/30/d3eab]
[use.typekit.net/af/35b7e6/00000000000000007735afe4/30/a3eab]
[use.typekit.net/af/b97042/00000000000000007735afe8/30/laaa3]
[use.typekit.net/af/b97042/00000000000000007735afe8/30/daaa3]
[use.typekit.net/af/b97042/00000000000000007735afe8/30/aaaa3]
[use.typekit.net/af/570287/00000000000000007735afea/30/lfdcc]
[use.typekit.net/af/570287/00000000000000007735afea/30/dfdcc]
[use.typekit.net/af/570287/00000000000000007735afea/30/afdcc]
[use.typekit.net/af/c2b6e5/00000000000000007735afee/30/le196]
[use.typekit.net/af/c2b6e5/00000000000000007735afee/30/de196]
[use.typekit.net/af/c2b6e5/00000000000000007735afee/30/ae196]
[use.typekit.net/myy1jmg.css]
[jorgehrdina.com.au/wp-content/themes/jorge-hrdina/assets/images/icon-play.svg]
[jorgehrdina.com.au/wp-content/themes/Avada/includes/lib/assets/fonts/icomoon/awb-icons.svg]
[jorgehrdina.com.au/wp-content/plugins/video-popup-premium/css/dark-close-icon5f48.css]
[jorgehrdina.com.au/wp-content/plugins/video-popup-premium/css/align-style5f48.css]
[jorgehrdina.com.au/wp-content/plugins/video-popup/css/vp-close-icon/close-button-icon5f48.css]
[jorgehrdina.com.au/wp-content/plugins/video-popup/css/YouTubePopUp5f48.css]
[jorgehrdina.com.au/index678b.html]
[jorgehrdina.com.au/wp-content/plugins/video-popup-premium/css/align-style5bbc.css]
[jorgehrdina.com.au/project/lilypad/feed/index.html]
[jorgehrdina.com.au/wp-content/plugins/video-popup/css/vp-close-icon/close-button-icon5bbc.css]
[jorgehrdina.com.au/wp-content/plugins/video-popup/css/YouTubePopUp5bbc.css]
[jorgehrdina.com.au/wp-content/plugins/video-popup-premium/js/YouTubePopUp.jquery5bbc.js]
[jorgehrdina.com.au/wp-content/plugins/video-popup-premium/js/YouTubePopUp5bbc.js]
[jorgehrdina.com.au/wp-json/wp/v2/avada_portfolio/84.json]
[jorgehrdina.com.au/wp-json/oembed/1.0/embed2301.json]
[jorgehrdina.com.au/wp-json/oembed/1.0/embedeecd]
[jorgehrdina.com.au/wp-content/uploads/2022/02/lilypad-2.webp]
[jorgehrdina.com.au/wp-content/uploads/2022/02/lilypad-slider-img-3.jpg]
[jorgehrdina.com.au/wp-content/uploads/2022/02/lilypad-img-2.webp]
[jorgehrdina.com.au/wp-content/uploads/2022/02/lilypad-slider-img-6.jpg]
[jorgehrdina.com.au/wp-content/uploads/2022/02/lilypad-img-3.webp]
[jorgehrdina.com.au/wp-content/uploads/2022/02/lilypad-slider-img-2.jpg]
[jorgehrdina.com.au/wp-content/uploads/2022/02/lilypad-img-1.webp]
[jorgehrdina.com.au/wp-content/uploads/2022/02/lilypad-img-4.webp]
[jorgehrdina.com.au/wp-content/uploads/2022/02/lilypad-slider-img-5.jpg]
[jorgehrdina.com.au/project/lilypad/index.html]
[jorgehrdina.com.au/project/queens-park/feed/index.html]
[jorgehrdina.com.au/wp-content/plugins/video-popup-premium/css/align-style286f.css]
[jorgehrdina.com.au/wp-content/plugins/video-popup/css/vp-close-icon/close-button-icon286f.css]
[jorgehrdina.com.au/wp-content/plugins/video-popup/css/YouTubePopUp286f.css]
[jorgehrdina.com.au/wp-content/plugins/video-popup-premium/js/YouTubePopUp.jquery286f.js]
[jorgehrdina.com.au/wp-content/plugins/video-popup-premium/js/YouTubePopUp286f.js]
[jorgehrdina.com.au/wp-json/wp/v2/avada_portfolio/78.json]
[jorgehrdina.com.au/wp-json/oembed/1.0/embedb2fb.json]
[jorgehrdina.com.au/wp-json/oembed/1.0/embed2830]
[jorgehrdina.com.au/wp-content/uploads/2022/02/Queens-Park-1.webp]
[jorgehrdina.com.au/wp-content/uploads/2022/02/queen-park-img-4.webp]
[jorgehrdina.com.au/wp-content/uploads/2022/02/queens-park-slider-img-6.jpg]
[jorgehrdina.com.au/wp-content/uploads/2022/02/queen-park-img-2.webp]
[jorgehrdina.com.au/wp-content/uploads/2022/02/queen-park-img-5.webp]
[jorgehrdina.com.au/wp-content/uploads/2022/02/queen-park-img-3.webp]
[jorgehrdina.com.au/wp-content/uploads/2022/02/queens-park-slider-img-2.jpg]
[jorgehrdina.com.au/wp-content/uploads/2022/02/queen-park-img-6.webp]
[jorgehrdina.com.au/wp-content/uploads/2022/02/queen-park-img-1.webp]
[jorgehrdina.com.au/project/queens-park/index.html]
[jorgehrdina.com.au/wp-content/plugins/video-popup-premium/css/align-styledb3d.css]
[jorgehrdina.com.au/wp-content/plugins/video-popup/css/vp-close-icon/close-button-icondb3d.css]
[jorgehrdina.com.au/wp-content/plugins/video-popup/css/YouTubePopUpdb3d.css]
[jorgehrdina.com.au/wp-content/plugins/video-popup-premium/js/YouTubePopUp.jquerydb3d.js]
[jorgehrdina.com.au/wp-content/plugins/video-popup-premium/js/YouTubePopUpdb3d.js]
[jorgehrdina.com.au/wp-json/wp/v2/avada_portfolio/72.json]
[jorgehrdina.com.au/wp-json/oembed/1.0/embedd802.json]
[jorgehrdina.com.au/wp-json/oembed/1.0/embed3044]
[jorgehrdina.com.au/wp-content/uploads/2022/02/balmoral-slider-img.webp]
[jorgehrdina.com.au/wp-content/uploads/2022/02/balmoral-slider-img-1-4.jpg]
[jorgehrdina.com.au/wp-content/uploads/2022/02/balmoral-slider-img-1-3.jpg]
[jorgehrdina.com.au/wp-content/uploads/2022/02/balmoral-slider-img-1-2.jpg]
[jorgehrdina.com.au/wp-content/uploads/2022/02/balmoral-slider-img-1-1.jpg]
[jorgehrdina.com.au/project/balmoral/index.html]
[jorgehrdina.com.au/project/k2-house/feed/index.html]
[jorgehrdina.com.au/wp-content/plugins/video-popup-premium/css/align-style7b29.css]
[jorgehrdina.com.au/wp-content/plugins/video-popup/css/vp-close-icon/close-button-icon7b29.css]
[jorgehrdina.com.au/wp-content/plugins/video-popup/css/YouTubePopUp7b29.css]
[jorgehrdina.com.au/wp-content/plugins/video-popup-premium/js/YouTubePopUp.jquery7b29.js]
[jorgehrdina.com.au/wp-content/plugins/video-popup-premium/js/YouTubePopUp7b29.js]
[jorgehrdina.com.au/wp-json/wp/v2/avada_portfolio/79.json]
[jorgehrdina.com.au/wp-json/oembed/1.0/embedaf3d.json]
[jorgehrdina.com.au/wp-json/oembed/1.0/embeda2f9]
[jorgehrdina.com.au/wp-content/uploads/2022/02/K2-slider-img-6.jpg]
[jorgehrdina.com.au/wp-content/uploads/2022/02/K2-img-1.webp]
[jorgehrdina.com.au/wp-content/uploads/2022/02/K2-slider-img-10.jpg]
[jorgehrdina.com.au/wp-content/uploads/2022/02/K2-img-2.webp]
[jorgehrdina.com.au/wp-content/uploads/2022/02/K2-slider-img-8.jpg]
[jorgehrdina.com.au/wp-content/uploads/2022/02/K2-slider-img-1.jpg]
[jorgehrdina.com.au/wp-content/uploads/2022/02/K2-slider-img-9.jpg]
[jorgehrdina.com.au/wp-content/uploads/2022/02/K2-slider-img-3.jpg]
[jorgehrdina.com.au/wp-content/uploads/2022/02/K2-slider-img-4.jpg]
[jorgehrdina.com.au/wp-content/uploads/2022/02/K2-slider-img-7.jpg]
[jorgehrdina.com.au/wp-content/uploads/2022/02/K2-slider-img-5.jpg]
[jorgehrdina.com.au/project/k2-house/index.html]
[jorgehrdina.com.au/wp-content/plugins/video-popup-premium/css/align-style3712.css]
[jorgehrdina.com.au/project/castlecrag/feed/index.html]
[jorgehrdina.com.au/wp-content/plugins/video-popup/css/vp-close-icon/close-button-icon3712.css]
[jorgehrdina.com.au/wp-content/plugins/video-popup/css/YouTubePopUp3712.css]
[jorgehrdina.com.au/wp-content/plugins/video-popup-premium/js/YouTubePopUp.jquery3712.js]
[jorgehrdina.com.au/wp-content/plugins/video-popup-premium/js/YouTubePopUp3712.js]
[jorgehrdina.com.au/wp-json/wp/v2/avada_portfolio/89.json]
[jorgehrdina.com.au/wp-json/oembed/1.0/embed3318.json]
[jorgehrdina.com.au/wp-json/oembed/1.0/embed3532]
[jorgehrdina.com.au/wp-content/uploads/2022/02/castlecrag-slider-img-5.jpg]
[jorgehrdina.com.au/wp-content/uploads/2022/02/castlecrag-slider-img-6.jpg]
[jorgehrdina.com.au/wp-content/uploads/2022/02/castlecrag-slider-img-4.jpg]
[jorgehrdina.com.au/wp-content/uploads/2022/02/castlecrag-slider-img-2.webp]
[jorgehrdina.com.au/wp-content/uploads/2022/02/castlecrag-slider-img-1.jpg]
[jorgehrdina.com.au/wp-content/uploads/2022/02/castlecrag-slider-img-7.jpg]
[jorgehrdina.com.au/project/castlecrag/index.html]
[jorgehrdina.com.au/wp-json/wp/v2/avada_portfolio/75.json]
[jorgehrdina.com.au/wp-json/oembed/1.0/embede5f5.json]
[jorgehrdina.com.au/wp-json/oembed/1.0/embed2681]
[jorgehrdina.com.au/wp-content/uploads/2022/02/Vaucluse-2.jpg]
[jorgehrdina.com.au/wp-content/uploads/2022/02/Vaucluse-1.jpg]
[jorgehrdina.com.au/wp-content/uploads/2022/02/vaucluse-slider-img-2.jpg]
[jorgehrdina.com.au/wp-content/uploads/2022/02/vaucluse-slider-img-5.jpg]
[jorgehrdina.com.au/wp-content/uploads/2022/02/vaucluse-slider-img-1.jpg]
[jorgehrdina.com.au/wp-content/uploads/2022/02/vaucluse-slider-img-8.jpg]
[jorgehrdina.com.au/wp-content/uploads/2022/02/vaucluse-slider-img-4.jpg]
[jorgehrdina.com.au/wp-content/uploads/2022/02/vaucluse-slider-img-7.jpg]
[jorgehrdina.com.au/wp-content/uploads/2022/02/vaucluse-slider-img-6.jpg]
[jorgehrdina.com.au/wp-content/uploads/2022/02/vaucluse-slider-img-3.jpg]
[jorgehrdina.com.au/wp-content/uploads/2022/02/vaucluse-slider-img-9.jpg]
[jorgehrdina.com.au/project/vaucluse/index.html]
[jorgehrdina.com.au/wp-content/plugins/video-popup-premium/css/align-styleeee1.css]
[jorgehrdina.com.au/project/cossington/feed/index.html]
[jorgehrdina.com.au/wp-content/plugins/video-popup/css/vp-close-icon/close-button-iconeee1.css]
[jorgehrdina.com.au/wp-content/plugins/video-popup/css/YouTubePopUpeee1.css]
[jorgehrdina.com.au/wp-content/plugins/video-popup-premium/js/YouTubePopUp.jqueryeee1.js]
[jorgehrdina.com.au/wp-content/plugins/video-popup-premium/js/YouTubePopUpeee1.js]
[jorgehrdina.com.au/wp-json/wp/v2/avada_portfolio/88.json]
[jorgehrdina.com.au/wp-json/oembed/1.0/embed4be3.json]
[jorgehrdina.com.au/wp-json/oembed/1.0/embede6b4]
[jorgehrdina.com.au/wp-content/uploads/2022/02/cossington-slider-img-3.jpg]
[jorgehrdina.com.au/wp-content/uploads/2022/02/cossington-slider-img-1.webp]
[jorgehrdina.com.au/wp-content/uploads/2022/02/cossington-slider-img-6.jpg]
[jorgehrdina.com.au/wp-content/uploads/2022/02/cossington-slider-img-4.jpg]
[jorgehrdina.com.au/wp-content/uploads/2022/02/cossington-slider-img-2.jpg]
[jorgehrdina.com.au/wp-content/uploads/2022/02/cossington-slider-img-2.webp]
[jorgehrdina.com.au/wp-content/uploads/2022/02/cossington-slider-img-8.jpg]
[jorgehrdina.com.au/wp-content/uploads/2022/02/cossington-slider-img-5.jpg]
[jorgehrdina.com.au/wp-content/uploads/2022/02/cossington-slider-img-7.jpg]
[jorgehrdina.com.au/wp-content/uploads/2022/02/cossington-slider-img-9.jpg]
[jorgehrdina.com.au/wp-content/uploads/2022/02/cossington-slider-img-1.jpg]
[jorgehrdina.com.au/project/cossington/index.html]
[jorgehrdina.com.au/wp-content/plugins/video-popup-premium/css/dark-close-iconab1b.css]
[jorgehrdina.com.au/wp-content/plugins/video-popup-premium/css/align-styleab1b.css]
[jorgehrdina.com.au/wp-content/plugins/video-popup/css/vp-close-icon/close-button-iconab1b.css]
[jorgehrdina.com.au/wp-content/plugins/video-popup/css/YouTubePopUpab1b.css]
[jorgehrdina.com.au/index2dc4.html]
[jorgehrdina.com.au/wp-content/plugins/video-popup-premium/css/dark-close-icona0f3.css]
[jorgehrdina.com.au/wp-content/plugins/video-popup-premium/css/align-stylea0f3.css]
[jorgehrdina.com.au/wp-content/plugins/video-popup/css/vp-close-icon/close-button-icona0f3.css]
[jorgehrdina.com.au/wp-content/plugins/video-popup/css/YouTubePopUpa0f3.css]
[jorgehrdina.com.au/wp-content/uploads/fusion-styles/94899ad243a5ca8594dd4594e0fb7238.mina7a0.css]
[jorgehrdina.com.au/index5757.html]
[jorgehrdina.com.au/wp-content/plugins/video-popup-premium/css/dark-close-iconfca4.css]
[jorgehrdina.com.au/wp-content/plugins/video-popup-premium/css/align-stylefca4.css]
[jorgehrdina.com.au/wp-content/plugins/video-popup/css/vp-close-icon/close-button-iconfca4.css]
[jorgehrdina.com.au/wp-content/plugins/video-popup/css/YouTubePopUpfca4.css]
[jorgehrdina.com.au/wp-content/plugins/gravityforms/fonts/gform-icons-theme1bee.woff2]
[jorgehrdina.com.au/wp-content/plugins/gravityforms/fonts/gform-icons-theme1bee.ttf]
[jorgehrdina.com.au/wp-content/plugins/gravityforms/fonts/gform-icons-theme1bee.woff]
[jorgehrdina.com.au/wp-content/plugins/gravityforms/fonts/gform-icons-theme1bee.svg]
[jorgehrdina.com.au/wp-content/plugins/gravityforms/legacy/css/chosen-sprite.png]
[jorgehrdina.com.au/wp-content/plugins/gravityforms/legacy/css/chosen-sprite@2x.png]
[jorgehrdina.com.au/wp-content/plugins/gravityforms/images/gf-creditcards.svg]
[jorgehrdina.com.au/wp-content/plugins/gravityforms/images/gf-creditcards-check.svg]
[jorgehrdina.com.au/wp-content/plugins/gravityforms/images/list-add.svg]
[jorgehrdina.com.au/wp-content/plugins/gravityforms/assets/css/dist/basic.mina19e.css]
[jorgehrdina.com.au/wp-content/plugins/gravityforms/assets/css/dist/theme-components.mina19e.css]
[jorgehrdina.com.au/wp-content/plugins/gravityforms/assets/css/dist/theme-ie11.mina19e.css]
[jorgehrdina.com.au/wp-content/plugins/gravityforms/images/list-remove.svg]
[jorgehrdina.com.au/wp-content/plugins/gravityforms/assets/css/dist/theme.mina19e.css]
[jorgehrdina.com.au/wp-content/plugins/gravityforms/images/theme/down-arrow.svg]
[jorgehrdina.com.au/wp-content/plugins/gravityforms/includes/addon/images/field-map-reset.png]
[jorgehrdina.com.au/wp-content/plugins/gravityforms/includes/addon/images/field-map-buttons.png]
[jorgehrdina.com.au/wp-content/plugins/gravityforms/images/xit.gif]
[jorgehrdina.com.au/wp-content/plugins/gravityforms/includes/addon/css/gaddon_settings.mina19e.css]
[jorgehrdina.com.au/index0b69.html]
[jorgehrdina.com.au/wp-content/plugins/gravityforms/images/spinner.svg]
[jorgehrdina.com.au/wp-content/plugins/video-popup-premium/css/align-style26cd.css]
[jorgehrdina.com.au/wp-content/plugins/video-popup/css/vp-close-icon/close-button-icon26cd.css]
[jorgehrdina.com.au/author/made-agency/page/3/index.html]
[jorgehrdina.com.au/wp-content/plugins/video-popup/css/YouTubePopUp26cd.css]
[jorgehrdina.com.au/wp-content/plugins/video-popup-premium/js/YouTubePopUp.jquery26cd.js]
[jorgehrdina.com.au/author/made-agency/page/2/index.html]
[jorgehrdina.com.au/wp-content/plugins/video-popup-premium/css/dark-close-icon8d9b.css]
[jorgehrdina.com.au/wp-content/plugins/video-popup-premium/css/align-style8d9b.css]
[jorgehrdina.com.au/wp-content/plugins/video-popup/css/vp-close-icon/close-button-icon8d9b.css]
[jorgehrdina.com.au/wp-content/plugins/video-popup/css/YouTubePopUp8d9b.css]
[jorgehrdina.com.au/wp-content/uploads/fusion-styles/0ec663f0f6f1d0513d046e88f18cbc7a.mina7a0.css]
[jorgehrdina.com.au/wp-json/wp/v2/users/1.json]
[jorgehrdina.com.au/wp-content/plugins/video-popup-premium/js/YouTubePopUp26cd.js]
[jorgehrdina.com.au/category/new-living/feed/index.html]
[jorgehrdina.com.au/wp-content/plugins/video-popup-premium/css/align-style861a.css]
[jorgehrdina.com.au/wp-content/plugins/video-popup/css/vp-close-icon/close-button-icon861a.css]
[jorgehrdina.com.au/wp-content/plugins/video-popup/css/YouTubePopUp861a.css]
[jorgehrdina.com.au/wp-content/plugins/video-popup-premium/js/YouTubePopUp.jquery861a.js]
[jorgehrdina.com.au/wp-content/plugins/video-popup-premium/js/YouTubePopUp861a.js]
[jorgehrdina.com.au/category/new-living/index.html]
[jorgehrdina.com.au/wp-json/wp/v2/categories/6.json]
[jorgehrdina.com.au/category/press/index.html]
[jorgehrdina.com.au/wp-json/wp/v2/categories/5.json]
[jorgehrdina.com.au/wp-content/plugins/video-popup-premium/css/dark-close-icon29fe.css]
[jorgehrdina.com.au/wp-content/plugins/video-popup-premium/css/align-style29fe.css]
[jorgehrdina.com.au/wp-content/plugins/video-popup/css/vp-close-icon/close-button-icon29fe.css]
[jorgehrdina.com.au/wp-content/plugins/video-popup/css/YouTubePopUp29fe.css]
[jorgehrdina.com.au/indexa5f2.html]
[jorgehrdina.com.au/project/gunnamatta/https_/jorgehrdina.com.au/wp-content/uploads/2022/05/gunnamatta-banner-img-9.html]
[jorgehrdina.com.au/wp-content/plugins/video-popup-premium/css/dark-close-iconeb52.css]
[jorgehrdina.com.au/wp-content/plugins/video-popup-premium/css/align-styleeb52.css]
[jorgehrdina.com.au/wp-content/plugins/video-popup/css/vp-close-icon/close-button-iconeb52.css]
[jorgehrdina.com.au/wp-content/plugins/video-popup/css/YouTubePopUpeb52.css]
[jorgehrdina.com.au/indexbde5.html]
[jorgehrdina.com.au/project/the-pavillion/https_/jorgehrdina.com.au/wp-content/uploads/2022/02/pavillion-banner-img.html]
[jorgehrdina.com.au/wp-content/plugins/video-popup-premium/css/dark-close-icon2785.css]
[jorgehrdina.com.au/wp-content/plugins/video-popup-premium/css/align-style2785.css]
[jorgehrdina.com.au/wp-content/plugins/video-popup/css/vp-close-icon/close-button-icon2785.css]
[jorgehrdina.com.au/wp-content/plugins/video-popup/css/YouTubePopUp2785.css]
[jorgehrdina.com.au/indexa8fe.html]
[jorgehrdina.com.au/project/woollahra/https_/jorgehrdina.com.au/wp-content/uploads/2022/05/woollahra-banner-img.html]
[jorgehrdina.com.au/wp-content/plugins/video-popup-premium/css/dark-close-icone17d.css]
[jorgehrdina.com.au/wp-content/plugins/video-popup-premium/css/align-stylee17d.css]
[jorgehrdina.com.au/wp-content/plugins/video-popup/css/vp-close-icon/close-button-icone17d.css]
[jorgehrdina.com.au/wp-content/plugins/video-popup/css/YouTubePopUpe17d.css]
[jorgehrdina.com.au/index5d38.html]
[jorgehrdina.com.au/project/delany-house/https_/jorgehrdina.com.au/wp-content/uploads/2022/02/delany-banner-img.html]
[jorgehrdina.com.au/wp-content/plugins/video-popup-premium/css/dark-close-icon86c5.css]
[jorgehrdina.com.au/wp-content/plugins/video-popup-premium/css/align-style86c5.css]
[jorgehrdina.com.au/wp-content/plugins/video-popup/css/vp-close-icon/close-button-icon86c5.css]
[jorgehrdina.com.au/wp-content/plugins/video-popup/css/YouTubePopUp86c5.css]
[jorgehrdina.com.au/index287b.html]
[jorgehrdina.com.au/project/palm-beach/https_/jorgehrdina.com.au/wp-content/uploads/2022/02/palm-beach-banner-img.html]
[jorgehrdina.com.au/wp-content/plugins/video-popup-premium/css/dark-close-icon587d.css]
[jorgehrdina.com.au/wp-content/plugins/video-popup-premium/css/align-style587d.css]
[jorgehrdina.com.au/wp-content/plugins/video-popup/css/vp-close-icon/close-button-icon587d.css]
[jorgehrdina.com.au/wp-content/plugins/video-popup/css/YouTubePopUp587d.css]
[jorgehrdina.com.au/indexb135.html]
[jorgehrdina.com.au/project/seaforth/https_/jorgehrdina.com.au/wp-content/uploads/2022/02/seaforth-banner-img.html]
[jorgehrdina.com.au/wp-content/plugins/video-popup-premium/css/dark-close-icon3781.css]
[jorgehrdina.com.au/wp-content/plugins/video-popup-premium/css/align-style3781.css]
[jorgehrdina.com.au/wp-content/plugins/video-popup/css/vp-close-icon/close-button-icon3781.css]
[jorgehrdina.com.au/wp-content/plugins/video-popup/css/YouTubePopUp3781.css]
[jorgehrdina.com.au/index55e4.html]
[jorgehrdina.com.au/project/northbridge/https_/jorgehrdina.com.au/wp-content/uploads/2022/02/northbridge-banner-img.html]
[jorgehrdina.com.au/wp-content/plugins/video-popup-premium/css/dark-close-icon24b5.css]
[jorgehrdina.com.au/wp-content/plugins/video-popup-premium/css/align-style24b5.css]
[jorgehrdina.com.au/wp-content/plugins/video-popup/css/vp-close-icon/close-button-icon24b5.css]
[jorgehrdina.com.au/wp-content/plugins/video-popup/css/YouTubePopUp24b5.css]
[jorgehrdina.com.au/index49a5.html]
[jorgehrdina.com.au/project/hrdina-house/https_/jorgehrdina.com.au/wp-content/uploads/2022/02/hrdina-banner-img.html]
[jorgehrdina.com.au/wp-content/plugins/video-popup-premium/css/dark-close-icon7367.css]
[jorgehrdina.com.au/wp-content/plugins/video-popup-premium/css/align-style7367.css]
[jorgehrdina.com.au/wp-content/plugins/video-popup/css/vp-close-icon/close-button-icon7367.css]
[jorgehrdina.com.au/wp-content/plugins/video-popup/css/YouTubePopUp7367.css]
[jorgehrdina.com.au/indexeffd.html]
[jorgehrdina.com.au/project/casey/https_/jorgehrdina.com.au/wp-content/uploads/2022/02/casey-house-banner-img.html]
[jorgehrdina.com.au/wp-content/plugins/video-popup-premium/css/dark-close-icon33b3.css]
[jorgehrdina.com.au/wp-content/plugins/video-popup-premium/css/align-style33b3.css]
[jorgehrdina.com.au/wp-content/plugins/video-popup/css/vp-close-icon/close-button-icon33b3.css]
[jorgehrdina.com.au/wp-content/plugins/video-popup/css/YouTubePopUp33b3.css]
[jorgehrdina.com.au/index1c40.html]
[jorgehrdina.com.au/project/parasol-house/https_/jorgehrdina.com.au/wp-content/uploads/2022/05/parasol-house-banner-img.html]
[jorgehrdina.com.au/wp-content/plugins/video-popup-premium/css/dark-close-iconaa60.css]
[jorgehrdina.com.au/wp-content/plugins/video-popup-premium/css/align-styleaa60.css]
[jorgehrdina.com.au/wp-content/plugins/video-popup/css/vp-close-icon/close-button-iconaa60.css]
[jorgehrdina.com.au/wp-content/plugins/video-popup/css/YouTubePopUpaa60.css]
[jorgehrdina.com.au/index648c.html]
[jorgehrdina.com.au/project/haskell/https_/jorgehrdina.com.au/wp-content/uploads/2022/02/haskell-banner-img.html]
[jorgehrdina.com.au/wp-content/plugins/video-popup-premium/css/dark-close-icon8d58.css]
[jorgehrdina.com.au/wp-content/plugins/video-popup-premium/css/align-style8d58.css]
[jorgehrdina.com.au/wp-content/plugins/video-popup/css/vp-close-icon/close-button-icon8d58.css]
[jorgehrdina.com.au/wp-content/plugins/video-popup/css/YouTubePopUp8d58.css]
[jorgehrdina.com.au/index6213.html]
[jorgehrdina.com.au/project/gibson-house/https_/jorgehrdina.com.au/wp-content/uploads/2022/02/gibson-banner-img.html]
[p.typekit.net/p0a7a.css]
[jorgehrdina.com.au/wp-content/plugins/video-popup-premium/css/dark-close-icon5bbc.css]
[jorgehrdina.com.au/wp-content/plugins/video-popup-premium/css/align-style5bbc.css]
[jorgehrdina.com.au/wp-content/plugins/video-popup/css/vp-close-icon/close-button-icon5bbc.css]
[jorgehrdina.com.au/wp-content/plugins/video-popup/css/YouTubePopUp5bbc.css]
[jorgehrdina.com.au/index735a.html]
[jorgehrdina.com.au/project/lilypad/https_/jorgehrdina.com.au/wp-content/uploads/2022/02/lilypad-banner-img.html]
[jorgehrdina.com.au/wp-content/plugins/video-popup-premium/css/dark-close-icon286f.css]
[jorgehrdina.com.au/wp-content/plugins/video-popup-premium/css/align-style286f.css]
[jorgehrdina.com.au/wp-content/plugins/video-popup/css/vp-close-icon/close-button-icon286f.css]
[jorgehrdina.com.au/wp-content/plugins/video-popup/css/YouTubePopUp286f.css]
[jorgehrdina.com.au/index7896.html]
[jorgehrdina.com.au/project/queens-park/https_/jorgehrdina.com.au/wp-content/uploads/2022/02/queens-park-banner-img.html]
[jorgehrdina.com.au/wp-content/plugins/video-popup-premium/css/dark-close-icondb3d.css]
[jorgehrdina.com.au/wp-content/plugins/video-popup-premium/css/align-styledb3d.css]
[jorgehrdina.com.au/wp-content/plugins/video-popup/css/vp-close-icon/close-button-icondb3d.css]
[jorgehrdina.com.au/wp-content/plugins/video-popup/css/YouTubePopUpdb3d.css]
[jorgehrdina.com.au/indexae74.html]
[jorgehrdina.com.au/project/balmoral/https_/jorgehrdina.com.au/wp-content/uploads/2022/02/Balmoral-banner-img.html]
[jorgehrdina.com.au/wp-content/plugins/video-popup-premium/css/dark-close-icon7b29.css]
[jorgehrdina.com.au/wp-content/plugins/video-popup-premium/css/align-style7b29.css]
[jorgehrdina.com.au/wp-content/plugins/video-popup/css/vp-close-icon/close-button-icon7b29.css]
[jorgehrdina.com.au/wp-content/plugins/video-popup/css/YouTubePopUp7b29.css]
[jorgehrdina.com.au/index6ffe.html]
[jorgehrdina.com.au/project/k2-house/https_/jorgehrdina.com.au/wp-content/uploads/2022/02/K2-banner-img.html]
[jorgehrdina.com.au/wp-content/plugins/video-popup-premium/css/dark-close-icon3712.css]
[jorgehrdina.com.au/wp-content/plugins/video-popup-premium/css/align-style3712.css]
[jorgehrdina.com.au/wp-content/plugins/video-popup/css/vp-close-icon/close-button-icon3712.css]
[jorgehrdina.com.au/wp-content/plugins/video-popup/css/YouTubePopUp3712.css]
[jorgehrdina.com.au/index3fbb.html]
[jorgehrdina.com.au/project/castlecrag/https_/jorgehrdina.com.au/wp-content/uploads/2022/02/castlecrag-banner-img.html]
[jorgehrdina.com.au/indexe839.html]
[jorgehrdina.com.au/project/vaucluse/https_/jorgehrdina.com.au/wp-content/uploads/2022/02/vaucluse-banner-img.html]
[jorgehrdina.com.au/wp-content/plugins/video-popup-premium/css/dark-close-iconeee1.css]
[jorgehrdina.com.au/wp-content/plugins/video-popup-premium/css/align-styleeee1.css]
[jorgehrdina.com.au/wp-content/plugins/video-popup/css/vp-close-icon/close-button-iconeee1.css]
[jorgehrdina.com.au/wp-content/plugins/video-popup/css/YouTubePopUpeee1.css]
[jorgehrdina.com.au/index8ed7.html]
[jorgehrdina.com.au/project/cossington/https_/jorgehrdina.com.au/wp-content/uploads/2022/02/cossington-banner-img.html]
[jorgehrdina.com.au/wp-content/plugins/gravityforms/fonts/gform-icons-theme1bee.svg]
[jorgehrdina.com.au/wp-content/plugins/gravityforms/images/gf-creditcards.svg]
[jorgehrdina.com.au/wp-content/plugins/gravityforms/images/gf-creditcards-check.svg]
[jorgehrdina.com.au/wp-content/plugins/gravityforms/images/list-add.svg]
[jorgehrdina.com.au/wp-content/plugins/gravityforms/images/list-remove.svg]
[jorgehrdina.com.au/wp-content/plugins/gravityforms/images/theme/down-arrow.svg]
[jorgehrdina.com.au/category/new-living/page/2/index.html]
[jorgehrdina.com.au/category/press/page/2/index.html]
[jorgehrdina.com.au/category/press/feed/index.html]
[jorgehrdina.com.au/wp-content/plugins/video-popup-premium/css/align-style9973.css]
[jorgehrdina.com.au/wp-content/plugins/video-popup/css/vp-close-icon/close-button-icon9973.css]
[jorgehrdina.com.au/wp-content/plugins/video-popup/css/YouTubePopUp9973.css]
[jorgehrdina.com.au/wp-content/plugins/video-popup-premium/js/YouTubePopUp.jquery9973.js]
[jorgehrdina.com.au/author/made-agency/page/3/index.html]
[jorgehrdina.com.au/wp-content/plugins/video-popup-premium/css/dark-close-icon26cd.css]
[jorgehrdina.com.au/wp-content/plugins/video-popup-premium/css/align-style26cd.css]
[jorgehrdina.com.au/wp-content/plugins/video-popup/css/vp-close-icon/close-button-icon26cd.css]
[jorgehrdina.com.au/wp-content/plugins/video-popup/css/YouTubePopUp26cd.css]
[jorgehrdina.com.au/wp-content/plugins/video-popup-premium/css/dark-close-icon861a.css]
[jorgehrdina.com.au/wp-content/plugins/video-popup-premium/css/align-style861a.css]
[jorgehrdina.com.au/wp-content/plugins/video-popup/css/vp-close-icon/close-button-icon861a.css]
[jorgehrdina.com.au/wp-content/plugins/video-popup/css/YouTubePopUp861a.css]
[jorgehrdina.com.au/wp-content/plugins/video-popup-premium/js/YouTubePopUp9973.js]
[jorgehrdina.com.au/wp-content/plugins/video-popup-premium/css/align-stylece96.css]
[jorgehrdina.com.au/wp-content/plugins/video-popup/css/vp-close-icon/close-button-iconce96.css]
[jorgehrdina.com.au/wp-content/plugins/video-popup/css/YouTubePopUpce96.css]
[jorgehrdina.com.au/wp-content/plugins/video-popup-premium/js/YouTubePopUp.jqueryce96.js]
[jorgehrdina.com.au/category/new-living/page/2/index.html]
[jorgehrdina.com.au/wp-content/plugins/video-popup-premium/js/YouTubePopUpce96.js]
[jorgehrdina.com.au/wp-content/plugins/video-popup-premium/css/align-style0ff2.css]
[jorgehrdina.com.au/wp-content/plugins/video-popup/css/vp-close-icon/close-button-icon0ff2.css]
[jorgehrdina.com.au/wp-content/plugins/video-popup/css/YouTubePopUp0ff2.css]
[jorgehrdina.com.au/wp-content/plugins/video-popup-premium/js/YouTubePopUp.jquery0ff2.js]
[jorgehrdina.com.au/category/press/page/2/index.html]
[jorgehrdina.com.au/wp-content/plugins/video-popup-premium/css/dark-close-icon9973.css]
[jorgehrdina.com.au/wp-content/plugins/video-popup-premium/css/align-style9973.css]
[jorgehrdina.com.au/wp-content/plugins/video-popup/css/vp-close-icon/close-button-icon9973.css]
[jorgehrdina.com.au/wp-content/plugins/video-popup/css/YouTubePopUp9973.css]
[jorgehrdina.com.au/wp-content/plugins/video-popup-premium/css/dark-close-iconce96.css]
[jorgehrdina.com.au/wp-content/plugins/video-popup-premium/css/align-stylece96.css]
[jorgehrdina.com.au/wp-content/plugins/video-popup/css/vp-close-icon/close-button-iconce96.css]
[jorgehrdina.com.au/wp-content/plugins/video-popup/css/YouTubePopUpce96.css]
[jorgehrdina.com.au/wp-content/plugins/video-popup-premium/css/dark-close-icon0ff2.css]
[jorgehrdina.com.au/wp-content/plugins/video-popup-premium/css/align-style0ff2.css]
[jorgehrdina.com.au/wp-content/plugins/video-popup/css/vp-close-icon/close-button-icon0ff2.css]
[jorgehrdina.com.au/wp-content/plugins/video-popup/css/YouTubePopUp0ff2.css]
[jorgehrdina.com.au/wp-content/plugins/video-popup-premium/js/YouTubePopUp0ff2.js]
[jorgehrdina.com.au/category/press/page/3/index.html]
[jorgehrdina.com.au/wp-content/plugins/video-popup-premium/css/align-stylece45.css]
[jorgehrdina.com.au/wp-content/plugins/video-popup/css/vp-close-icon/close-button-iconce45.css]
[jorgehrdina.com.au/wp-content/plugins/video-popup/css/YouTubePopUpce45.css]
[jorgehrdina.com.au/wp-content/plugins/video-popup-premium/js/YouTubePopUp.jqueryce45.js]
[jorgehrdina.com.au/category/press/page/3/index.html]
[jorgehrdina.com.au/wp-content/plugins/video-popup-premium/css/dark-close-iconce45.css]
[jorgehrdina.com.au/wp-content/plugins/video-popup-premium/css/align-stylece45.css]
[jorgehrdina.com.au/wp-content/plugins/video-popup/css/vp-close-icon/close-button-iconce45.css]
[jorgehrdina.com.au/wp-content/plugins/video-popup/css/YouTubePopUpce45.css]
[jorgehrdina.com.au/wp-content/plugins/video-popup-premium/js/YouTubePopUpce45.js]
